#!/bin/bash 
 echo "这是一个测试的定向文件" 

